
Testing gemini-2.0-flash-exp with config: {'response_modalities': ['AUDIO']}...
Connection failed: received 1011 (internal error) You exceeded your current quota, please check your plan and billing details. For more information on this error, head to: h; then sent 1011 (internal error) You exceeded your current quota, please check your plan and billing details. For more information on this error, head to: h

Testing gemini-2.0-flash-exp with config: {'response_modalities': ['AUDIO', 'TEXT']}...
Connection failed: received 1011 (internal error) You exceeded your current quota, please check your plan and billing details. For more information on this error, head to: h; then sent 1011 (internal error) You exceeded your current quota, please check your plan and billing details. For more information on this error, head to: h

Testing gemini-2.0-flash-exp with config: None...
Connection failed: received 1011 (internal error) You exceeded your current quota, please check your plan and billing details. For more information on this error, head to: h; then sent 1011 (internal error) You exceeded your current quota, please check your plan and billing details. For more information on this error, head to: h
